2025-05-20 16:36:38root-INFO-Thi is an info message.
2025-05-20 16:36:38root-WARNING-This is a warning message.
2025-05-20 16:36:38root-ERROR-This is an error message.
2025-05-20 16:36:38root-CRITICAL-This is a critical message.
DEBUG:root:This is a debug message.
WARNING:root:This is a warning message
ERROR:root:This is an error message
INFO:root:This is an info message
CRITICAL:root:This is a critical message
2025-05-21 07:44:42,129 - my_logger - DEBUG - This is a debug message
DEBUG:my_logger:This is a debug message
2025-05-21 07:44:42,130 - my_logger - INFO - This is an info message
INFO:my_logger:This is an info message
2025-05-21 07:44:42,131 - my_logger - WARNING - This is a warning message
WARNING:my_logger:This is a warning message
2025-05-21 07:44:42,133 - my_logger - ERROR - This is an error message
ERROR:my_logger:This is an error message
2025-05-21 07:44:42,133 - my_logger - CRITICAL - This is a critical message
CRITICAL:my_logger:This is a critical message
DEBUG:new_logger:This is a debug message
INFO:new_logger:This is an info message
WARNING:new_logger:This is a warning message
ERROR:new_logger:This is an error message
CRITICAL:new_logger:This is a critical message
2025-05-21 07:48:43,595 - new_logger - DEBUG - This is a debug message
DEBUG:new_logger:This is a debug message
2025-05-21 07:48:43,596 - new_logger - INFO - This is an info message
INFO:new_logger:This is an info message
2025-05-21 07:48:43,598 - new_logger - WARNING - This is a warning message
WARNING:new_logger:This is a warning message
2025-05-21 07:48:43,600 - new_logger - ERROR - This is an error message
ERROR:new_logger:This is an error message
2025-05-21 07:48:43,601 - new_logger - CRITICAL - This is a critical message
CRITICAL:new_logger:This is a critical message
